2025-03-13 08:18:12,802 - INFO - Pygame initialised successfully
2025-03-13 08:18:12,820 - INFO - Custom icon set successfully: /Users/harrison/Desktop/Rock_Sickle/Assets/Images/Icons/RockSickle.png
2025-03-13 08:18:13,272 - INFO - Display initialised successfully
2025-03-13 08:18:13,484 - INFO - Classic and expert tile images loaded successfully
2025-03-13 08:18:13,569 - INFO - Original player images loaded successfully
2025-03-13 08:18:13,582 - INFO - Original CPU image loaded successfully
2025-03-13 08:18:13,596 - INFO - Original dice images loaded successfully
2025-03-13 08:18:13,611 - INFO - Original difficulty images loaded successfully
2025-03-13 08:18:13,651 - INFO - CPU difficulty images loaded successfully
2025-03-13 08:18:14,345 - INFO - Original bonus result images loaded successfully as 32-bit surfaces
2025-03-13 08:18:14,429 - INFO - Audio assets loaded successfully
2025-03-13 08:20:35,361 - INFO - Pygame initialised successfully
2025-03-13 08:20:35,375 - INFO - Custom icon set successfully: /Users/harrison/Desktop/Rock_Sickle/Assets/Images/Icons/RockSickle.png
2025-03-13 08:20:35,791 - INFO - Display initialised successfully
2025-03-13 08:20:35,924 - INFO - Classic and expert tile images loaded successfully
2025-03-13 08:20:36,002 - INFO - Original player images loaded successfully
2025-03-13 08:20:36,016 - INFO - Original CPU image loaded successfully
2025-03-13 08:20:36,029 - INFO - Original dice images loaded successfully
2025-03-13 08:20:36,040 - INFO - Original difficulty images loaded successfully
2025-03-13 08:20:36,083 - INFO - CPU difficulty images loaded successfully
2025-03-13 08:20:36,677 - INFO - Original bonus result images loaded successfully as 32-bit surfaces
2025-03-13 08:20:36,726 - INFO - Audio assets loaded successfully
2025-03-13 08:21:45,950 - INFO - Pygame initialised successfully
2025-03-13 08:21:45,961 - INFO - Custom icon set successfully: /Users/harrison/Desktop/Rock_Sickle/Assets/Images/Icons/RockSickle.png
2025-03-13 08:21:46,391 - INFO - Display initialised successfully
2025-03-13 08:21:46,539 - INFO - Classic and expert tile images loaded successfully
2025-03-13 08:21:46,614 - INFO - Original player images loaded successfully
2025-03-13 08:21:46,627 - INFO - Original CPU image loaded successfully
2025-03-13 08:21:46,640 - INFO - Original dice images loaded successfully
2025-03-13 08:21:46,650 - INFO - Original difficulty images loaded successfully
2025-03-13 08:21:46,689 - INFO - CPU difficulty images loaded successfully
2025-03-13 08:21:47,277 - INFO - Original bonus result images loaded successfully as 32-bit surfaces
2025-03-13 08:21:47,326 - INFO - Audio assets loaded successfully
2025-03-13 08:24:18,855 - INFO - Pygame initialised successfully
2025-03-13 08:24:18,865 - INFO - Custom icon set successfully: /Users/harrison/Desktop/Rock_Sickle/Assets/Images/Icons/RockSickle.png
2025-03-13 08:24:19,291 - INFO - Display initialised successfully
2025-03-13 08:24:19,431 - INFO - Classic and expert tile images loaded successfully
2025-03-13 08:24:19,505 - INFO - Original player images loaded successfully
2025-03-13 08:24:19,518 - INFO - Original CPU image loaded successfully
2025-03-13 08:24:19,528 - INFO - Original dice images loaded successfully
2025-03-13 08:24:19,538 - INFO - Original difficulty images loaded successfully
2025-03-13 08:24:19,577 - INFO - CPU difficulty images loaded successfully
2025-03-13 08:24:20,165 - INFO - Original bonus result images loaded successfully as 32-bit surfaces
2025-03-13 08:24:20,215 - INFO - Audio assets loaded successfully
2025-03-13 08:24:51,351 - INFO - Pygame initialised successfully
2025-03-13 08:24:51,367 - INFO - Custom icon set successfully: /Users/harrison/Desktop/Rock_Sickle/Assets/Images/Icons/RockSickle.png
2025-03-13 08:24:51,792 - INFO - Display initialised successfully
2025-03-13 08:24:51,944 - INFO - Classic and expert tile images loaded successfully
2025-03-13 08:24:52,021 - INFO - Original player images loaded successfully
2025-03-13 08:24:52,035 - INFO - Original CPU image loaded successfully
2025-03-13 08:24:52,048 - INFO - Original dice images loaded successfully
2025-03-13 08:24:52,059 - INFO - Original difficulty images loaded successfully
2025-03-13 08:24:52,099 - INFO - CPU difficulty images loaded successfully
2025-03-13 08:24:52,692 - INFO - Original bonus result images loaded successfully as 32-bit surfaces
2025-03-13 08:24:52,744 - INFO - Audio assets loaded successfully
2025-03-13 08:28:00,281 - INFO - Pygame initialised successfully
2025-03-13 08:28:00,296 - INFO - Custom icon set successfully: /Users/harrison/Desktop/Rock_Sickle/Assets/Images/Icons/RockSickle.png
2025-03-13 08:28:00,738 - INFO - Display initialised successfully
2025-03-13 08:28:00,895 - INFO - Classic and expert tile images loaded successfully
2025-03-13 08:28:00,978 - INFO - Original player images loaded successfully
2025-03-13 08:28:00,991 - INFO - Original CPU image loaded successfully
2025-03-13 08:28:01,006 - INFO - Original dice images loaded successfully
2025-03-13 08:28:01,017 - INFO - Original difficulty images loaded successfully
2025-03-13 08:28:01,056 - INFO - CPU difficulty images loaded successfully
2025-03-13 08:28:01,647 - INFO - Original bonus result images loaded successfully as 32-bit surfaces
2025-03-13 08:28:01,699 - INFO - Audio assets loaded successfully
2025-03-13 08:28:05,594 - INFO - Selected board type: Classic
